Lattice Timing Report -  Setup  and Hold, Version Radiant Software (64-bit) 2023.1.0.43.3

Tue Dec 10 11:56:55 2024

Copyright (c) 1991-1994 by NeoCAD Inc. All rights reserved.
Copyright (c) 1995 AT&T Corp.   All rights reserved.
Copyright (c) 1995-2001 Lucent Technologies Inc.  All rights reserved.
Copyright (c) 2001 Agere Systems   All rights reserved.
Copyright (c) 2002-2023 Lattice Semiconductor Corporation,  All rights reserved.

Command line:    timing -sethld -v 10 -u 10 -endpoints 10 -nperend 1 -sp High-Performance_1.2V -hsp m -pwrprd -html -rpt guitar_hero_1154_impl_1.twr guitar_hero_1154_impl_1.udb -gui

-----------------------------------------
Design:          top
Family:          iCE40UP
Device:          iCE40UP5K
Package:         SG48
Performance:     High-Performance_1.2V
Package Status:                     Preliminary    Version 1.5
**Performance Hardware Data Status :   Advanced Version 1.0
-----------------------------------------


=====================================================================
                    Table of Contents
=====================================================================
    1  DESIGN CHECKING
        1.1  SDC Constraints
        1.2  Constraint Coverage
        1.3  Overall Summary
        1.4  Unconstrained Report
        1.5  Combinational Loop
        1.6  Error/Warning Messages
    2  Setup at Speed Grade High-Performance_1.2V Corner at 100 Degrees
        2.1  Clock Summary
        2.2  Endpoint slacks
        2.3  Detailed Report
    3  Hold at Speed Grade m Corner at -40 Degrees
        3.1  Endpoint slacks
        3.2  Detailed Report

=====================================================================
                    End of Table of Contents
=====================================================================

==============================================
1  DESIGN CHECKING
==============================================

1.1  SDC Constraints
=====================
[IGNORED:]create_generated_clock -name {clkout_c} -source [get_pins pll.lscc_pll_inst.u_PLL_B/REFERENCECLK] -divide_by 32 -multiply_by 67 [get_pins pll.lscc_pll_inst.u_PLL_B/OUTCORE]
[IGNORED:]create_generated_clock -name {vga_clk} -source [get_pins pll.lscc_pll_inst.u_PLL_B/REFERENCECLK] -divide_by 32 -multiply_by 67 [get_pins pll.lscc_pll_inst.u_PLL_B/OUTGLOBAL]

1.2  Constraint Coverage
---------------------------
Constraint Coverage: 0%


1.3  Overall Summary
---------------------------
 Setup at Speed Grade High-Performance_1.2V Corner at 100 Degrees     Timing Errors: 0 endpoints;  Total Negative Slack: 0.000 ns 
 Hold at Speed Grade m Corner at -40 Degrees                          Timing Errors: 0 endpoints;  Total Negative Slack: 0.000 ns 

1.4  Unconstrained Report
===========================

1.4.1  Unconstrained Start/End Points
--------------------------------------

Clocked but unconstrained timing start points
--------------------------------------------------
There is no start point satisfying reporting criteria


Clocked but unconstrained timing end points
-------------------------------------------------------------------
         Listing 10 End Points          |           Type           
-------------------------------------------------------------------
gen1/game1/bar_position3y_9__I_0/D      |    No arrival or required
gen1/game1/bar_position3y_9__I_0/SP     |    No arrival or required
gen1/game1/bar_position3y_9__I_0/SR     |    No arrival or required
gen1/game1/bar_position3y_9__I_86/D     |    No arrival or required
gen1/game1/bar_position3y_9__I_87/D     |    No arrival or required
{gen1/game1/bar_position3y_9__I_87/SP   gen1/game1/bar_position3y_9__I_86/SP}                           
                                        |    No arrival or required
{gen1/game1/bar_position3y_9__I_87/SR   gen1/game1/bar_position3y_9__I_86/SR}                           
                                        |    No arrival or required
gen1/game1/bar_position3y_9__I_88/D     |    No arrival or required
gen1/game1/bar_position3y_9__I_89/D     |    No arrival or required
{gen1/game1/bar_position3y_9__I_89/SP   gen1/game1/bar_position3y_9__I_88/SP}                           
                                        |    No arrival or required
-------------------------------------------------------------------
                                        |                          
Number of unconstrained timing end poin |                          
ts                                      |                       703
                                        |                          
-------------------------------------------------------------------

1.4.2  Start/End Points Without Timing Constraints
---------------------------------------------------

I/O ports without constraint
----------------------------
Possible constraints to use on I/O ports are:
set_input_delay,
set_output_delay,
set_max_delay,
create_clock,
create_generated_clock,
...

-------------------------------------------------------------------
     Listing 10 Start or End Points     |           Type           
-------------------------------------------------------------------
inputKeys[0]                            |                     input
inputKeys[1]                            |                     input
inputKeys[2]                            |                     input
inputKeys[3]                            |                     input
inputKeys[4]                            |                     input
clkin                                   |                     input
audioTone                               |                    output
rgb_out[0]                              |                    output
rgb_out[1]                              |                    output
rgb_out[2]                              |                    output
-------------------------------------------------------------------
                                        |                          
Number of I/O ports without constraint  |                        15
                                        |                          
-------------------------------------------------------------------

Nets without clock definition
Define a clock on a top level port or a generated clock on a clock divider pin associated with this net(s).
--------------------------------------------------
There is no instance satisfying reporting criteria



1.5  Combinational Loop
========================
None


1.6  Error/Warning Messages
============================
WARNING "70001944" - No master clock for
	generated clock	create_generated_clock -name {vga_clk} -source [get_pins {pll/lscc_pll_inst/u_PLL_B/REFERENCECLK}] -multiply_by 67 -divide_by 32 [get_pins {pll/lscc_pll_inst/u_PLL_B/OUTGLOBAL }] .
WARNING "70001944" - No master clock for
	generated clock	create_generated_clock -name {clkout_c} -source [get_pins {pll/lscc_pll_inst/u_PLL_B/REFERENCECLK}] -multiply_by 67 -divide_by 32 [get_pins {pll/lscc_pll_inst/u_PLL_B/OUTCORE }] .

===============================================================
2  Setup at Speed Grade High-Performance_1.2V Corner at 100 Degrees
===============================================================

2.1  Clock Summary
=======================

2.1.1 Clock "vga_clk"
=======================
create_generated_clock -name {vga_clk} -source [get_pins {pll/lscc_pll_inst/u_PLL_B/REFERENCECLK}] -multiply_by 67 -divide_by 32 [get_pins {pll/lscc_pll_inst/u_PLL_B/OUTGLOBAL }] 

Single Clock Domain
-------------------------------------------------------------------------------------------------------
             Clock vga_clk              |                    |       Period       |     Frequency      
-------------------------------------------------------------------------------------------------------
 From vga_clk                           |             Target |               +INF |          0.000 MHz 
                                        | Actual (all paths) |               ---- |               ---- 
-------------------------------------------------------------------------------------------------------

Clock Domain Crossing
------------------------------------------------------------------------------------------------------
             Clock vga_clk              |   Worst Time Between Edges   |           Comment            
------------------------------------------------------------------------------------------------------
 From clkout_c                          |                         ---- |                      No path 
------------------------------------------------------------------------------------------------------

2.1.2 Clock "clkout_c"
=======================
create_generated_clock -name {clkout_c} -source [get_pins {pll/lscc_pll_inst/u_PLL_B/REFERENCECLK}] -multiply_by 67 -divide_by 32 [get_pins {pll/lscc_pll_inst/u_PLL_B/OUTCORE }] 

Single Clock Domain
-------------------------------------------------------------------------------------------------------
             Clock clkout_c             |                    |       Period       |     Frequency      
-------------------------------------------------------------------------------------------------------
 From clkout_c                          |             Target |               +INF |          0.000 MHz 
                                        | Actual (all paths) |               ---- |               ---- 
-------------------------------------------------------------------------------------------------------

Clock Domain Crossing
------------------------------------------------------------------------------------------------------
             Clock clkout_c             |   Worst Time Between Edges   |           Comment            
------------------------------------------------------------------------------------------------------
 From vga_clk                           |                         ---- |                      No path 
------------------------------------------------------------------------------------------------------

2.2  Endpoint slacks
=======================
--------------------------------------------------
There is no end point satisfying reporting criteria

Total Negative Slack: 0


2.3  Detailed Report
=======================


XXXXXXXXXXXXXXXXXXXXXXXXXXXXXXXXXXXXXXXXXXXXXXXXXXXXXXXXXX

Detail report of critical paths

XXXXXXXXXXXXXXXXXXXXXXXXXXXXXXXXXXXXXXXXXXXXXXXXXXXXXXXXXX

 +++++++++++++++++++++++++++++++++++++++++++++++++++++++++++++++++++++
                    Detailed Report for timing paths 
 +++++++++++++++++++++++++++++++++++++++++++++++++++++++++++++++++++++
 +++++++++++++++++++++++++++++++++++++++++++++++++++++++++++++++++++++
                    End of Detailed Report for timing paths 
 +++++++++++++++++++++++++++++++++++++++++++++++++++++++++++++++++++++


##########################################################



===============================================================
3  Hold at Speed Grade m Corner at -40 Degrees
===============================================================

3.1  Endpoint slacks
=======================
--------------------------------------------------
There is no end point satisfying reporting criteria

Total Negative Slack: 0


3.2  Detailed Report
=======================


XXXXXXXXXXXXXXXXXXXXXXXXXXXXXXXXXXXXXXXXXXXXXXXXXXXXXXXXXX

Detail report of critical paths

XXXXXXXXXXXXXXXXXXXXXXXXXXXXXXXXXXXXXXXXXXXXXXXXXXXXXXXXXX

 +++++++++++++++++++++++++++++++++++++++++++++++++++++++++++++++++++++
                    Detailed Report for timing paths 
 +++++++++++++++++++++++++++++++++++++++++++++++++++++++++++++++++++++
 +++++++++++++++++++++++++++++++++++++++++++++++++++++++++++++++++++++
                    End of Detailed Report for timing paths 
 +++++++++++++++++++++++++++++++++++++++++++++++++++++++++++++++++++++


##########################################################



